// Jest Snapshot v1, https://goo.gl/fbAQLP

exports[`Loading Indicator visible 1`] = `
<div
  class="w-100 d-flex justify-content-center"
>
  <div
    class="spinner-border"
    role="status"
  >
    <span
      class="sr-only"
    >
      Loading...
    </span>
  </div>
</div>
`;
