// Jest Snapshot v1, https://goo.gl/fbAQLP

exports[`Square Active 1`] = `
<button
  class="square danger"
>
  1
</button>
`;
