// Jest Snapshot v1, https://goo.gl/fbAQLP

exports[`Square Active 1`] = `
.c0 {
  color: #fff;
  cursor: not-allowed!important;
}

<button
  class="c0 square primary"
>
  1
</button>
`;
